// Jest Snapshot v1, https://goo.gl/fbAQLP

exports[`Info component renders properly 1`] = `<Info />`;
